#-----------------------------------------------------------
# Vivado v2017.3 (64-bit)
# SW Build 2018833 on Wed Oct  4 19:58:22 MDT 2017
# IP Build 2016188 on Wed Oct  4 21:52:56 MDT 2017
# Start of session at: Thu Sep 30 14:18:34 2021
# Process ID: 19796
# Current directory: C:/Users/i/0916_3AND
# Command line: vivado.exe -gui_launcher_event rodinguilauncherevent19416 C:\Users\i\0916_3AND\0916_3AND.xpr
# Log file: C:/Users/i/0916_3AND/vivado.log
# Journal file: C:/Users/i/0916_3AND\vivado.jou
#-----------------------------------------------------------
start_gui
open_project C:/Users/i/0916_3AND/0916_3AND.xpr
update_compile_order -fileset sources_1
close_project
create_project 0930_NAND C:/Users/i/0930_NAND -part xc7a75tfgg484-1
file mkdir C:/Users/i/0930_NAND/0930_NAND.srcs/sources_1/new
close [ open C:/Users/i/0930_NAND/0930_NAND.srcs/sources_1/new/nand_4.v w ]
add_files C:/Users/i/0930_NAND/0930_NAND.srcs/sources_1/new/nand_4.v
update_compile_order -fileset sources_1
open_project C:/Users/i/0916_4AND/0916_4AND.xpr
update_compile_order -fileset sources_1
file mkdir C:/Users/i/0930_NAND/0930_NAND.srcs/sim_1/new
current_project 0930_NAND
set_property SOURCE_SET sources_1 [get_filesets sim_1]
close [ open C:/Users/i/0930_NAND/0930_NAND.srcs/sim_1/new/nand_tb.v w ]
add_files -fileset sim_1 C:/Users/i/0930_NAND/0930_NAND.srcs/sim_1/new/nand_tb.v
update_compile_order -fileset sim_1
update_compile_order -fileset sim_1
synth_design -rtl -name rtl_1
launch_simulation
source nand_tb.tcl
create_project 0930_NOR C:/Users/i/0930_NOR -part xc7a75tfgg484-1
file mkdir C:/Users/i/0930_NOR/0930_NOR.srcs/sources_1/new
close [ open C:/Users/i/0930_NOR/0930_NOR.srcs/sources_1/new/nor_4.v w ]
add_files C:/Users/i/0930_NOR/0930_NOR.srcs/sources_1/new/nor_4.v
update_compile_order -fileset sources_1
current_project 0916_4AND
close_project
file mkdir C:/Users/i/0930_NOR/0930_NOR.srcs/sim_1/new
set_property SOURCE_SET sources_1 [get_filesets sim_1]
close [ open C:/Users/i/0930_NOR/0930_NOR.srcs/sim_1/new/nor_tb.v w ]
add_files -fileset sim_1 C:/Users/i/0930_NOR/0930_NOR.srcs/sim_1/new/nor_tb.v
update_compile_order -fileset sim_1
update_compile_order -fileset sim_1
launch_simulation
source nor_tb.tcl
create_project 0930_XOR C:/Users/i/0930_XOR -part xc7a75tfgg484-1
file mkdir C:/Users/i/0930_XOR/0930_XOR.srcs/sources_1/new
close [ open C:/Users/i/0930_XOR/0930_XOR.srcs/sources_1/new/xor_4.v w ]
add_files C:/Users/i/0930_XOR/0930_XOR.srcs/sources_1/new/xor_4.v
update_compile_order -fileset sources_1
file mkdir C:/Users/i/0930_XOR/0930_XOR.srcs/sim_1/new
set_property SOURCE_SET sources_1 [get_filesets sim_1]
close [ open C:/Users/i/0930_XOR/0930_XOR.srcs/sim_1/new/xor_tb.v w ]
add_files -fileset sim_1 C:/Users/i/0930_XOR/0930_XOR.srcs/sim_1/new/xor_tb.v
update_compile_order -fileset sim_1
launch_simulation
source xor_4.tcl
launch_simulation
source xor_tb.tcl
update_compile_order -fileset sim_1
create_project 0930_AOI C:/Users/i/0930_AOI -part xc7a75tfgg484-1
file mkdir C:/Users/i/0930_AOI/0930_AOI.srcs/sources_1/new
close [ open C:/Users/i/0930_AOI/0930_AOI.srcs/sources_1/new/aoi_4.v w ]
add_files C:/Users/i/0930_AOI/0930_AOI.srcs/sources_1/new/aoi_4.v
update_compile_order -fileset sources_1
file mkdir C:/Users/i/0930_AOI/0930_AOI.srcs/sim_1/new
set_property SOURCE_SET sources_1 [get_filesets sim_1]
close [ open C:/Users/i/0930_AOI/0930_AOI.srcs/sim_1/new/aoi_tb.v w ]
add_files -fileset sim_1 C:/Users/i/0930_AOI/0930_AOI.srcs/sim_1/new/aoi_tb.v
update_compile_order -fileset sim_1
update_compile_order -fileset sim_1
launch_simulation
source aoi_tb.tcl
current_project 0930_NOR
synth_design -rtl -name rtl_1
synth_design -rtl -name rtl_1
refresh_design
current_sim simulation_2
close_sim
launch_simulation
source nor_tb.tcl
current_project 0930_NAND
refresh_design
current_project 0930_AOI
synth_design -rtl -name rtl_1
current_project 0930_XOR
synth_design -rtl -name rtl_1
current_sim simulation_4
synth_design -rtl -name rtl_1
current_project 0930_NAND
current_sim simulation_1
close_sim
launch_simulation
source nand_tb.tcl
launch_simulation
source nand_tb.tcl
current_project 0930_XOR
current_sim simulation_4
close_sim
launch_simulation
source xor_tb.tcl
current_project 0930_AOI
current_sim simulation_5
close_sim
launch_simulation
source aoi_tb.tcl
current_project 0930_NAND
current_sim simulation_8
close [ open C:/Users/i/0930_NAND/0930_NAND.srcs/sources_1/new/nand_A.v w ]
add_files C:/Users/i/0930_NAND/0930_NAND.srcs/sources_1/new/nand_A.v
update_compile_order -fileset sources_1
set_property SOURCE_SET sources_1 [get_filesets sim_1]
close [ open C:/Users/i/0930_NAND/0930_NAND.srcs/sim_1/new/nand_A_tb.v w ]
add_files -fileset sim_1 C:/Users/i/0930_NAND/0930_NAND.srcs/sim_1/new/nand_A_tb.v
update_compile_order -fileset sim_1
refresh_design
# Disabling source management mode.  This is to allow the top design properties to be set without GUI intervention.
set_property source_mgmt_mode None [current_project]
set_property top nand_A [current_fileset]
# Re-enabling previously disabled source management mode.
set_property source_mgmt_mode All [current_project]
update_compile_order -fileset sources_1
# Disabling source management mode.  This is to allow the top design properties to be set without GUI intervention.
set_property source_mgmt_mode None [current_project]
set_property top nand_A_tb [get_filesets sim_1]
set_property top_lib xil_defaultlib [get_filesets sim_1]
# Re-enabling previously disabled source management mode.
set_property source_mgmt_mode All [current_project]
update_compile_order -fileset sim_1
refresh_design
close_sim
close_project
current_project 0930_NOR
current_sim simulation_6
close_sim
close_project
current_project 0930_XOR
current_sim simulation_9
close_sim
close_sim
close_project
close_sim
close_project
open_project C:/Users/i/0930_NAND/0930_NAND.xpr
update_compile_order -fileset sources_1
# Disabling source management mode.  This is to allow the top design properties to be set without GUI intervention.
set_property source_mgmt_mode None [current_project]
set_property top nand_4 [current_fileset]
# Re-enabling previously disabled source management mode.
set_property source_mgmt_mode All [current_project]
update_compile_order -fileset sources_1
# Disabling source management mode.  This is to allow the top design properties to be set without GUI intervention.
set_property source_mgmt_mode None [current_project]
set_property top nand_tb [get_filesets sim_1]
set_property top_lib xil_defaultlib [get_filesets sim_1]
# Re-enabling previously disabled source management mode.
set_property source_mgmt_mode All [current_project]
update_compile_order -fileset sim_1
synth_design -rtl -name rtl_1
