#-----------------------------------------------------------
# Vivado v2017.3 (64-bit)
# SW Build 2018833 on Wed Oct  4 19:58:22 MDT 2017
# IP Build 2016188 on Wed Oct  4 21:52:56 MDT 2017
# Start of session at: Thu Oct 28 23:44:34 2021
# Process ID: 11852
# Current directory: G:/비둘기/1028_seg7
# Command line: vivado.exe -gui_launcher_event rodinguilauncherevent14708 G:\비둘기\1028_seg7\1028_seg7.xpr
# Log file: G:/비둘기/1028_seg7/vivado.log
# Journal file: G:/비둘기/1028_seg7\vivado.jou
#-----------------------------------------------------------
start_guiopen_project G:/비둘기/1028_seg7/1028_seg7.xpr
open_project G:/비둘기/1028_seg7/1028_seg7.xpr
create_project project_1 C:/Users/i/project_1 -part xc7a75tfgg484-1
file mkdir C:/Users/i/project_1/project_1.srcs/sources_1/new
close [ open C:/Users/i/project_1/project_1.srcs/sources_1/new/seg.v w ]
add_files C:/Users/i/project_1/project_1.srcs/sources_1/new/seg.v
update_compile_order -fileset sources_1
add_files -norecurse G:/비둘기/1028_seg7/1028_seg7.srcs/sources_1/new/seg7.v
update_compile_order -fileset sources_1
# Disabling source management mode.  This is to allow the top design properties to be set without GUI intervention.
set_property source_mgmt_mode None [current_project]
set_property top seg7 [current_fileset]
# Re-enabling previously disabled source management mode.
set_property source_mgmt_mode All [current_project]
update_compile_order -fileset sources_1
set_property SOURCE_SET sources_1 [get_filesets sim_1]
add_files -fileset sim_1 -norecurse G:/비둘기/1028_seg7/1028_seg7.srcs/sim_1/new/seg7_tb.v
update_compile_order -fileset sim_1
update_compile_order -fileset sim_1
launch_simulation
source seg7_tb.tcl
close_sim
